[debug] [2026-08-28T16:52:17.451Z] ----------------------------------------------------------------------
[debug] [2026-08-28T16:52:17.453Z] Command:       /home/raamgopal-s/.nvm/versions/node/v20.19.4/bin/node /home/raamgopal-s/.nvm/versions/node/v20.19.4/bin/firebase login --reauth
[debug] [2026-08-28T16:52:17.453Z] CLI Version:   15.11.0
[debug] [2026-08-28T16:52:17.453Z] Platform:      linux
[debug] [2026-08-28T16:52:17.453Z] Node Version:  v20.19.4
[debug] [2026-08-28T16:52:17.453Z] Time:          Fri Aug 28 2026 22:22:17 GMT+0530 (India Standard Time)
[debug] [2026-08-28T16:52:17.453Z] ----------------------------------------------------------------------
[debug] 
[debug] [2026-08-28T16:52:17.454Z] >>> [apiv2][query] GET https://firebase-public.firebaseio.com/cli.json [none]
[info] 
[info] Visit this URL on this device to log in:
[info] https://accounts.google.com/o/oauth2/auth?client_id=563584335869-fgrhgmd47bqnekij5i8b5pr03ho849e6.apps.googleusercontent.com&scope=email%20openid%20https%3A%2F%2Fwww.googleapis.com%2Fauth%2Fcloudplatformprojects.readonly%20https%3A%2F%2Fwww.googleapis.com%2Fauth%2Ffirebase%20https%3A%2F%2Fwww.googleapis.com%2Fauth%2Fcloud-platform&response_type=code&state=519690313&redirect_uri=http%3A%2F%2Flocalhost%3A9005&login_hint=raamgopal2369%40gmail.com
[info] 
[info] Waiting for authentication...
[debug] [2026-08-28T16:52:18.370Z] <<< [apiv2][status] GET https://firebase-public.firebaseio.com/cli.json 200
[debug] [2026-08-28T16:52:18.370Z] <<< [apiv2][body] GET https://firebase-public.firebaseio.com/cli.json {"cloudBuildErrorAfter":1594252800000,"cloudBuildWarnAfter":1590019200000,"defaultNode10After":1594252800000,"minVersion":"3.0.5","node8DeploysDisabledAfter":1613390400000,"node8RuntimeDisabledAfter":1615809600000,"node8WarnAfter":1600128000000}
[debug] [2026-08-28T16:53:33.695Z] ----------------------------------------------------------------------
[debug] [2026-08-28T16:53:33.696Z] Command:       /home/raamgopal-s/.nvm/versions/node/v20.19.4/bin/node /home/raamgopal-s/.nvm/versions/node/v20.19.4/bin/firebase login --reauth
[debug] [2026-08-28T16:53:33.697Z] CLI Version:   15.11.0
[debug] [2026-08-28T16:53:33.697Z] Platform:      linux
[debug] [2026-08-28T16:53:33.697Z] Node Version:  v20.19.4
[debug] [2026-08-28T16:53:33.697Z] Time:          Fri Aug 28 2026 22:23:33 GMT+0530 (India Standard Time)
[debug] [2026-08-28T16:53:33.697Z] ----------------------------------------------------------------------
[debug] 
[info] 
[info] Visit this URL on this device to log in:
[info] https://accounts.google.com/o/oauth2/auth?client_id=563584335869-fgrhgmd47bqnekij5i8b5pr03ho849e6.apps.googleusercontent.com&scope=email%20openid%20https%3A%2F%2Fwww.googleapis.com%2Fauth%2Fcloudplatformprojects.readonly%20https%3A%2F%2Fwww.googleapis.com%2Fauth%2Ffirebase%20https%3A%2F%2Fwww.googleapis.com%2Fauth%2Fcloud-platform&response_type=code&state=482871745&redirect_uri=http%3A%2F%2Flocalhost%3A9005&login_hint=raamgopal2369%40gmail.com
[info] 
[info] Waiting for authentication...
[debug] [2026-08-28T16:53:45.787Z] ----------------------------------------------------------------------
[debug] [2026-08-28T16:53:45.789Z] Command:       /home/raamgopal-s/.nvm/versions/node/v20.19.4/bin/node /home/raamgopal-s/.nvm/versions/node/v20.19.4/bin/firebase login --reauth
[debug] [2026-08-28T16:53:45.789Z] CLI Version:   15.11.0
[debug] [2026-08-28T16:53:45.789Z] Platform:      linux
[debug] [2026-08-28T16:53:45.789Z] Node Version:  v20.19.4
[debug] [2026-08-28T16:53:45.789Z] Time:          Fri Aug 28 2026 22:23:45 GMT+0530 (India Standard Time)
[debug] [2026-08-28T16:53:45.789Z] ----------------------------------------------------------------------
[debug] 
[info] 
[info] Visit this URL on this device to log in:
[info] https://accounts.google.com/o/oauth2/auth?client_id=563584335869-fgrhgmd47bqnekij5i8b5pr03ho849e6.apps.googleusercontent.com&scope=email%20openid%20https%3A%2F%2Fwww.googleapis.com%2Fauth%2Fcloudplatformprojects.readonly%20https%3A%2F%2Fwww.googleapis.com%2Fauth%2Ffirebase%20https%3A%2F%2Fwww.googleapis.com%2Fauth%2Fcloud-platform&response_type=code&state=1086742&redirect_uri=http%3A%2F%2Flocalhost%3A9005&login_hint=raamgopal2369%40gmail.com
[info] 
[info] Waiting for authentication...
